C51 COMPILER V9.60.0.0   TCRT5000                                                          05/17/2023 02:40:22 PAGE 1   


C51 COMPILER V9.60.0.0, COMPILATION OF MODULE TCRT5000
OBJECT MODULE PLACED IN .\Objects\TCRT5000.obj
COMPILER INVOKED BY: C:\Keil_v5\C51\BIN\C51.EXE TCRT5000.c OPTIMIZE(8,SPEED) BROWSE DEBUG OBJECTEXTEND PRINT(.\Listings\
                    -TCRT5000.lst) OBJECT(.\Objects\TCRT5000.obj)

line level    source

*** WARNING C500 IN LINE 1 OF TCRT5000.c: LICENSE ERROR (R207(3): REGISTRY READ ERROR)

   1          #include <STC89C5xRC.H>
   2          
   3          #include "TCRT5000.H"
   4          
   5          unsigned char backup_action = GO_STR;
   6          
   7          unsigned char get_action()
   8          {
   9   1                      
  10   1              char sum = (unsigned char)D0 +\
  11   1                      (unsigned char)D1 +\
  12   1                              (unsigned char)D2 +\
  13   1                                      (unsigned char)D3 +\
  14   1                                              (unsigned char)D4 +\
  15   1                                                      (unsigned char)D5;
  16   1              
  17   1              if (sum < 1) // 全部悬空时，返回上一个状态
  18   1              {
  19   2                      return backup_action;
  20   2              }
  21   1      
  22   1              if ((D0 == 1 || D1 == 1) && (D4 == 1 || D5 == 1))
  23   1              {
  24   2                      return X;
  25   2              }
  26   1      
  27   1              if (D2 == 1 && D3 == 1){
  28   2                      backup_action = GO_STR;
  29   2                      return GO_STR;
  30   2              }
  31   1              
  32   1              if (D2 == 1)
  33   1              {
  34   2                      backup_action = TURN_LEFT_SMALL;
  35   2                      return TURN_LEFT_SMALL;
  36   2              }
  37   1              
  38   1              if (D3 == 1)
  39   1              {
  40   2                      backup_action = TURN_RIGHT_SMALL;
  41   2                      return TURN_RIGHT_SMALL;
  42   2              }
  43   1              
  44   1              if (D4 == 1) // 右2压，左2空
  45   1              {
  46   2                      backup_action = TURN_RIGHT;
  47   2                      return TURN_RIGHT;
  48   2              }
  49   1      
  50   1              if (D5 == 1) // 右1压，左2空
  51   1              {
  52   2                      backup_action = TURN_RIGHT;
  53   2                      return TURN_RIGHT;
C51 COMPILER V9.60.0.0   TCRT5000                                                          05/17/2023 02:40:22 PAGE 2   

  54   2              }
  55   1              
  56   1              if (D0 == 1) // 左1压，右2空
  57   1              {
  58   2                      backup_action = TURN_LEFT;
  59   2                      return TURN_LEFT;
  60   2              }
  61   1      
  62   1              if (D1 == 1) // 左2压，右2空
  63   1              {
  64   2                      backup_action = TURN_LEFT;
  65   2                      return TURN_LEFT;
  66   2              }
  67   1      
  68   1      }
*** WARNING C291 IN LINE 68 OF TCRT5000.c: not every exit path returns a value


MODULE INFORMATION:   STATIC OVERLAYABLE
   CODE SIZE        =    125    ----
   CONSTANT SIZE    =   ----    ----
   XDATA SIZE       =   ----    ----
   PDATA SIZE       =   ----    ----
   DATA SIZE        =      1    ----
   IDATA SIZE       =   ----    ----
   BIT SIZE         =   ----    ----
END OF MODULE INFORMATION.


C51 COMPILATION COMPLETE.  2 WARNING(S),  0 ERROR(S)
